I'm sorry, but errors were detected in your script. Please correct the
errors listed below, and try again.


File "game/script.rpy", line 31: expected statement.
    zoom 2.0
          ^

Ren'Py Version: Ren'Py 7.4.8.1895
Sat Dec 18 18:00:18 2021
